 
****************************************
Report : constraint
        -all_violators
Design : r29_int4
Version: T-2022.03-SP2
Date   : Tue Dec 17 14:52:11 2024
****************************************


   max_capacitance

                             Required        Actual
   Net                      Capacitance    Capacitance       Slack
   -----------------------------------------------------------------
   counter_inst_0__u_counter_asyn/reg_gen_0__u_dreg/n5
                            0.000000       0.001539       -0.001539 (VIOLATED)
   counter_inst_0__u_counter_asyn/reg_gen_1__u_dreg/n7
                            0.000000       0.001539       -0.001539 (VIOLATED)
   counter_inst_0__u_counter_asyn/reg_gen_2__u_dreg/n7
                            0.000000       0.001539       -0.001539 (VIOLATED)
   counter_inst_0__u_counter_asyn/reg_gen_3__u_dreg/n7
                            0.000000       0.001539       -0.001539 (VIOLATED)
   counter_inst_0__u_counter_asyn/reg_gen_4__u_dreg/n7
                            0.000000       0.001539       -0.001539 (VIOLATED)
   counter_inst_0__u_counter_asyn/reg_gen_5__u_dreg/n7
                            0.000000       0.001539       -0.001539 (VIOLATED)
   counter_inst_0__u_counter_asyn/reg_gen_6__u_dreg/n7
                            0.000000       0.001539       -0.001539 (VIOLATED)
   counter_inst_0__u_counter_asyn/reg_gen_7__u_dreg/n7
                            0.000000       0.001539       -0.001539 (VIOLATED)
   counter_inst_0__u_counter_asyn/reg_gen_8__u_dreg/n7
                            0.000000       0.001539       -0.001539 (VIOLATED)
   counter_inst_0__u_counter_asyn/reg_gen_9__u_dreg/n7
                            0.000000       0.001539       -0.001539 (VIOLATED)
   counter_inst_0__u_counter_asyn/reg_gen_10__u_dreg/n7
                            0.000000       0.001539       -0.001539 (VIOLATED)
   counter_inst_0__u_counter_asyn/reg_gen_11__u_dreg/n7
                            0.000000       0.001539       -0.001539 (VIOLATED)
   counter_inst_0__u_counter_asyn/reg_gen_12__u_dreg/n7
                            0.000000       0.001539       -0.001539 (VIOLATED)
   counter_inst_0__u_counter_asyn/reg_gen_13__u_dreg/n7
                            0.000000       0.001539       -0.001539 (VIOLATED)
   counter_inst_0__u_counter_asyn/reg_gen_14__u_dreg/n7
                            0.000000       0.001539       -0.001539 (VIOLATED)
   counter_inst_0__u_counter_asyn/reg_gen_15__u_dreg/n7
                            0.000000       0.001539       -0.001539 (VIOLATED)
   counter_inst_1__u_counter_asyn/reg_gen_0__u_dreg/n7
                            0.000000       0.001539       -0.001539 (VIOLATED)
   counter_inst_1__u_counter_asyn/reg_gen_1__u_dreg/n7
                            0.000000       0.001539       -0.001539 (VIOLATED)
   counter_inst_1__u_counter_asyn/reg_gen_2__u_dreg/n7
                            0.000000       0.001539       -0.001539 (VIOLATED)
   counter_inst_1__u_counter_asyn/reg_gen_3__u_dreg/n7
                            0.000000       0.001539       -0.001539 (VIOLATED)
   counter_inst_1__u_counter_asyn/reg_gen_4__u_dreg/n7
                            0.000000       0.001539       -0.001539 (VIOLATED)
   counter_inst_1__u_counter_asyn/reg_gen_5__u_dreg/n7
                            0.000000       0.001539       -0.001539 (VIOLATED)
   counter_inst_1__u_counter_asyn/reg_gen_6__u_dreg/n7
                            0.000000       0.001539       -0.001539 (VIOLATED)
   counter_inst_1__u_counter_asyn/reg_gen_7__u_dreg/n7
                            0.000000       0.001539       -0.001539 (VIOLATED)
   counter_inst_1__u_counter_asyn/reg_gen_8__u_dreg/n7
                            0.000000       0.001539       -0.001539 (VIOLATED)
   counter_inst_1__u_counter_asyn/reg_gen_9__u_dreg/n7
                            0.000000       0.001539       -0.001539 (VIOLATED)
   counter_inst_1__u_counter_asyn/reg_gen_10__u_dreg/n7
                            0.000000       0.001539       -0.001539 (VIOLATED)
   counter_inst_1__u_counter_asyn/reg_gen_11__u_dreg/n7
                            0.000000       0.001539       -0.001539 (VIOLATED)
   counter_inst_1__u_counter_asyn/reg_gen_12__u_dreg/n7
                            0.000000       0.001539       -0.001539 (VIOLATED)
   counter_inst_1__u_counter_asyn/reg_gen_13__u_dreg/n7
                            0.000000       0.001539       -0.001539 (VIOLATED)
   counter_inst_1__u_counter_asyn/reg_gen_14__u_dreg/n7
                            0.000000       0.001539       -0.001539 (VIOLATED)
   counter_inst_1__u_counter_asyn/reg_gen_15__u_dreg/n7
                            0.000000       0.001539       -0.001539 (VIOLATED)
   counter_inst_2__u_counter_asyn/reg_gen_0__u_dreg/n7
                            0.000000       0.001539       -0.001539 (VIOLATED)
   counter_inst_2__u_counter_asyn/reg_gen_1__u_dreg/n7
                            0.000000       0.001539       -0.001539 (VIOLATED)
   counter_inst_2__u_counter_asyn/reg_gen_2__u_dreg/n7
                            0.000000       0.001539       -0.001539 (VIOLATED)
   counter_inst_2__u_counter_asyn/reg_gen_3__u_dreg/n7
                            0.000000       0.001539       -0.001539 (VIOLATED)
   counter_inst_2__u_counter_asyn/reg_gen_4__u_dreg/n7
                            0.000000       0.001539       -0.001539 (VIOLATED)
   counter_inst_2__u_counter_asyn/reg_gen_5__u_dreg/n7
                            0.000000       0.001539       -0.001539 (VIOLATED)
   counter_inst_2__u_counter_asyn/reg_gen_6__u_dreg/n7
                            0.000000       0.001539       -0.001539 (VIOLATED)
   counter_inst_2__u_counter_asyn/reg_gen_7__u_dreg/n7
                            0.000000       0.001539       -0.001539 (VIOLATED)
   counter_inst_2__u_counter_asyn/reg_gen_8__u_dreg/n7
                            0.000000       0.001539       -0.001539 (VIOLATED)
   counter_inst_2__u_counter_asyn/reg_gen_9__u_dreg/n7
                            0.000000       0.001539       -0.001539 (VIOLATED)
   counter_inst_2__u_counter_asyn/reg_gen_10__u_dreg/n7
                            0.000000       0.001539       -0.001539 (VIOLATED)
   counter_inst_2__u_counter_asyn/reg_gen_11__u_dreg/n7
                            0.000000       0.001539       -0.001539 (VIOLATED)
   counter_inst_2__u_counter_asyn/reg_gen_12__u_dreg/n7
                            0.000000       0.001539       -0.001539 (VIOLATED)
   counter_inst_2__u_counter_asyn/reg_gen_13__u_dreg/n7
                            0.000000       0.001539       -0.001539 (VIOLATED)
   counter_inst_2__u_counter_asyn/reg_gen_14__u_dreg/n7
                            0.000000       0.001539       -0.001539 (VIOLATED)
   counter_inst_2__u_counter_asyn/reg_gen_15__u_dreg/n7
                            0.000000       0.001539       -0.001539 (VIOLATED)
   counter_inst_3__u_counter_asyn/reg_gen_0__u_dreg/n7
                            0.000000       0.001539       -0.001539 (VIOLATED)
   counter_inst_3__u_counter_asyn/reg_gen_1__u_dreg/n7
                            0.000000       0.001539       -0.001539 (VIOLATED)
   counter_inst_3__u_counter_asyn/reg_gen_2__u_dreg/n7
                            0.000000       0.001539       -0.001539 (VIOLATED)
   counter_inst_3__u_counter_asyn/reg_gen_3__u_dreg/n7
                            0.000000       0.001539       -0.001539 (VIOLATED)
   counter_inst_3__u_counter_asyn/reg_gen_4__u_dreg/n7
                            0.000000       0.001539       -0.001539 (VIOLATED)
   counter_inst_3__u_counter_asyn/reg_gen_5__u_dreg/n7
                            0.000000       0.001539       -0.001539 (VIOLATED)
   counter_inst_3__u_counter_asyn/reg_gen_6__u_dreg/n7
                            0.000000       0.001539       -0.001539 (VIOLATED)
   counter_inst_3__u_counter_asyn/reg_gen_7__u_dreg/n7
                            0.000000       0.001539       -0.001539 (VIOLATED)
   counter_inst_3__u_counter_asyn/reg_gen_8__u_dreg/n7
                            0.000000       0.001539       -0.001539 (VIOLATED)
   counter_inst_3__u_counter_asyn/reg_gen_9__u_dreg/n7
                            0.000000       0.001539       -0.001539 (VIOLATED)
   counter_inst_3__u_counter_asyn/reg_gen_10__u_dreg/n7
                            0.000000       0.001539       -0.001539 (VIOLATED)
   counter_inst_3__u_counter_asyn/reg_gen_11__u_dreg/n7
                            0.000000       0.001539       -0.001539 (VIOLATED)
   counter_inst_3__u_counter_asyn/reg_gen_12__u_dreg/n7
                            0.000000       0.001539       -0.001539 (VIOLATED)
   counter_inst_3__u_counter_asyn/reg_gen_13__u_dreg/n7
                            0.000000       0.001539       -0.001539 (VIOLATED)
   counter_inst_3__u_counter_asyn/reg_gen_14__u_dreg/n7
                            0.000000       0.001539       -0.001539 (VIOLATED)
   counter_inst_3__u_counter_asyn/reg_gen_15__u_dreg/n7
                            0.000000       0.001539       -0.001539 (VIOLATED)
   counter_inst_4__u_counter_asyn/reg_gen_0__u_dreg/n7
                            0.000000       0.001539       -0.001539 (VIOLATED)
   counter_inst_4__u_counter_asyn/reg_gen_1__u_dreg/n7
                            0.000000       0.001539       -0.001539 (VIOLATED)
   counter_inst_4__u_counter_asyn/reg_gen_2__u_dreg/n7
                            0.000000       0.001539       -0.001539 (VIOLATED)
   counter_inst_4__u_counter_asyn/reg_gen_3__u_dreg/n7
                            0.000000       0.001539       -0.001539 (VIOLATED)
   counter_inst_4__u_counter_asyn/reg_gen_4__u_dreg/n7
                            0.000000       0.001539       -0.001539 (VIOLATED)
   counter_inst_4__u_counter_asyn/reg_gen_5__u_dreg/n7
                            0.000000       0.001539       -0.001539 (VIOLATED)
   counter_inst_4__u_counter_asyn/reg_gen_6__u_dreg/n7
                            0.000000       0.001539       -0.001539 (VIOLATED)
   counter_inst_4__u_counter_asyn/reg_gen_7__u_dreg/n7
                            0.000000       0.001539       -0.001539 (VIOLATED)
   counter_inst_4__u_counter_asyn/reg_gen_8__u_dreg/n7
                            0.000000       0.001539       -0.001539 (VIOLATED)
   counter_inst_4__u_counter_asyn/reg_gen_9__u_dreg/n7
                            0.000000       0.001539       -0.001539 (VIOLATED)
   counter_inst_4__u_counter_asyn/reg_gen_10__u_dreg/n7
                            0.000000       0.001539       -0.001539 (VIOLATED)
   counter_inst_4__u_counter_asyn/reg_gen_11__u_dreg/n7
                            0.000000       0.001539       -0.001539 (VIOLATED)
   counter_inst_4__u_counter_asyn/reg_gen_12__u_dreg/n7
                            0.000000       0.001539       -0.001539 (VIOLATED)
   counter_inst_4__u_counter_asyn/reg_gen_13__u_dreg/n7
                            0.000000       0.001539       -0.001539 (VIOLATED)
   counter_inst_4__u_counter_asyn/reg_gen_14__u_dreg/n7
                            0.000000       0.001539       -0.001539 (VIOLATED)
   counter_inst_4__u_counter_asyn/reg_gen_15__u_dreg/n7
                            0.000000       0.001539       -0.001539 (VIOLATED)
   counter_inst_5__u_counter_asyn/reg_gen_0__u_dreg/n7
                            0.000000       0.001539       -0.001539 (VIOLATED)
   counter_inst_5__u_counter_asyn/reg_gen_1__u_dreg/n7
                            0.000000       0.001539       -0.001539 (VIOLATED)
   counter_inst_5__u_counter_asyn/reg_gen_2__u_dreg/n7
                            0.000000       0.001539       -0.001539 (VIOLATED)
   counter_inst_5__u_counter_asyn/reg_gen_3__u_dreg/n7
                            0.000000       0.001539       -0.001539 (VIOLATED)
   counter_inst_5__u_counter_asyn/reg_gen_4__u_dreg/n7
                            0.000000       0.001539       -0.001539 (VIOLATED)
   counter_inst_5__u_counter_asyn/reg_gen_5__u_dreg/n7
                            0.000000       0.001539       -0.001539 (VIOLATED)
   counter_inst_5__u_counter_asyn/reg_gen_6__u_dreg/n7
                            0.000000       0.001539       -0.001539 (VIOLATED)
   counter_inst_5__u_counter_asyn/reg_gen_7__u_dreg/n7
                            0.000000       0.001539       -0.001539 (VIOLATED)
   counter_inst_5__u_counter_asyn/reg_gen_8__u_dreg/n7
                            0.000000       0.001539       -0.001539 (VIOLATED)
   counter_inst_5__u_counter_asyn/reg_gen_9__u_dreg/n7
                            0.000000       0.001539       -0.001539 (VIOLATED)
   counter_inst_5__u_counter_asyn/reg_gen_10__u_dreg/n7
                            0.000000       0.001539       -0.001539 (VIOLATED)
   counter_inst_5__u_counter_asyn/reg_gen_11__u_dreg/n7
                            0.000000       0.001539       -0.001539 (VIOLATED)
   counter_inst_5__u_counter_asyn/reg_gen_12__u_dreg/n7
                            0.000000       0.001539       -0.001539 (VIOLATED)
   counter_inst_5__u_counter_asyn/reg_gen_13__u_dreg/n7
                            0.000000       0.001539       -0.001539 (VIOLATED)
   counter_inst_5__u_counter_asyn/reg_gen_14__u_dreg/n7
                            0.000000       0.001539       -0.001539 (VIOLATED)
   counter_inst_5__u_counter_asyn/reg_gen_15__u_dreg/n7
                            0.000000       0.001539       -0.001539 (VIOLATED)
   counter_inst_6__u_counter_asyn/reg_gen_0__u_dreg/n7
                            0.000000       0.001539       -0.001539 (VIOLATED)
   counter_inst_6__u_counter_asyn/reg_gen_1__u_dreg/n7
                            0.000000       0.001539       -0.001539 (VIOLATED)
   counter_inst_6__u_counter_asyn/reg_gen_2__u_dreg/n7
                            0.000000       0.001539       -0.001539 (VIOLATED)
   counter_inst_6__u_counter_asyn/reg_gen_3__u_dreg/n7
                            0.000000       0.001539       -0.001539 (VIOLATED)
   counter_inst_6__u_counter_asyn/reg_gen_4__u_dreg/n7
                            0.000000       0.001539       -0.001539 (VIOLATED)
   counter_inst_6__u_counter_asyn/reg_gen_5__u_dreg/n7
                            0.000000       0.001539       -0.001539 (VIOLATED)
   counter_inst_6__u_counter_asyn/reg_gen_6__u_dreg/n7
                            0.000000       0.001539       -0.001539 (VIOLATED)
   counter_inst_6__u_counter_asyn/reg_gen_7__u_dreg/n7
                            0.000000       0.001539       -0.001539 (VIOLATED)
   counter_inst_6__u_counter_asyn/reg_gen_8__u_dreg/n7
                            0.000000       0.001539       -0.001539 (VIOLATED)
   counter_inst_6__u_counter_asyn/reg_gen_9__u_dreg/n7
                            0.000000       0.001539       -0.001539 (VIOLATED)
   counter_inst_6__u_counter_asyn/reg_gen_10__u_dreg/n7
                            0.000000       0.001539       -0.001539 (VIOLATED)
   counter_inst_6__u_counter_asyn/reg_gen_11__u_dreg/n7
                            0.000000       0.001539       -0.001539 (VIOLATED)
   counter_inst_6__u_counter_asyn/reg_gen_12__u_dreg/n7
                            0.000000       0.001539       -0.001539 (VIOLATED)
   counter_inst_6__u_counter_asyn/reg_gen_13__u_dreg/n7
                            0.000000       0.001539       -0.001539 (VIOLATED)
   counter_inst_6__u_counter_asyn/reg_gen_14__u_dreg/n7
                            0.000000       0.001539       -0.001539 (VIOLATED)
   counter_inst_6__u_counter_asyn/reg_gen_15__u_dreg/n7
                            0.000000       0.001539       -0.001539 (VIOLATED)
   counter_inst_7__u_counter_asyn/reg_gen_0__u_dreg/n7
                            0.000000       0.001539       -0.001539 (VIOLATED)
   counter_inst_7__u_counter_asyn/reg_gen_1__u_dreg/n7
                            0.000000       0.001539       -0.001539 (VIOLATED)
   counter_inst_7__u_counter_asyn/reg_gen_2__u_dreg/n7
                            0.000000       0.001539       -0.001539 (VIOLATED)
   counter_inst_7__u_counter_asyn/reg_gen_3__u_dreg/n7
                            0.000000       0.001539       -0.001539 (VIOLATED)
   counter_inst_7__u_counter_asyn/reg_gen_4__u_dreg/n7
                            0.000000       0.001539       -0.001539 (VIOLATED)
   counter_inst_7__u_counter_asyn/reg_gen_5__u_dreg/n7
                            0.000000       0.001539       -0.001539 (VIOLATED)
   counter_inst_7__u_counter_asyn/reg_gen_6__u_dreg/n7
                            0.000000       0.001539       -0.001539 (VIOLATED)
   counter_inst_7__u_counter_asyn/reg_gen_7__u_dreg/n7
                            0.000000       0.001539       -0.001539 (VIOLATED)
   counter_inst_7__u_counter_asyn/reg_gen_8__u_dreg/n7
                            0.000000       0.001539       -0.001539 (VIOLATED)
   counter_inst_7__u_counter_asyn/reg_gen_9__u_dreg/n7
                            0.000000       0.001539       -0.001539 (VIOLATED)
   counter_inst_7__u_counter_asyn/reg_gen_10__u_dreg/n7
                            0.000000       0.001539       -0.001539 (VIOLATED)
   counter_inst_7__u_counter_asyn/reg_gen_11__u_dreg/n7
                            0.000000       0.001539       -0.001539 (VIOLATED)
   counter_inst_7__u_counter_asyn/reg_gen_12__u_dreg/n7
                            0.000000       0.001539       -0.001539 (VIOLATED)
   counter_inst_7__u_counter_asyn/reg_gen_13__u_dreg/n7
                            0.000000       0.001539       -0.001539 (VIOLATED)
   counter_inst_7__u_counter_asyn/reg_gen_14__u_dreg/n7
                            0.000000       0.001539       -0.001539 (VIOLATED)
   counter_inst_7__u_counter_asyn/reg_gen_15__u_dreg/n7
                            0.000000       0.001539       -0.001539 (VIOLATED)
   counter_inst_8__u_counter_asyn/reg_gen_0__u_dreg/n7
                            0.000000       0.001539       -0.001539 (VIOLATED)
   counter_inst_8__u_counter_asyn/reg_gen_1__u_dreg/n7
                            0.000000       0.001539       -0.001539 (VIOLATED)
   counter_inst_8__u_counter_asyn/reg_gen_2__u_dreg/n7
                            0.000000       0.001539       -0.001539 (VIOLATED)
   counter_inst_8__u_counter_asyn/reg_gen_3__u_dreg/n7
                            0.000000       0.001539       -0.001539 (VIOLATED)
   counter_inst_8__u_counter_asyn/reg_gen_4__u_dreg/n7
                            0.000000       0.001539       -0.001539 (VIOLATED)
   counter_inst_8__u_counter_asyn/reg_gen_5__u_dreg/n7
                            0.000000       0.001539       -0.001539 (VIOLATED)
   counter_inst_8__u_counter_asyn/reg_gen_6__u_dreg/n7
                            0.000000       0.001539       -0.001539 (VIOLATED)
   counter_inst_8__u_counter_asyn/reg_gen_7__u_dreg/n7
                            0.000000       0.001539       -0.001539 (VIOLATED)
   counter_inst_8__u_counter_asyn/reg_gen_8__u_dreg/n7
                            0.000000       0.001539       -0.001539 (VIOLATED)
   counter_inst_8__u_counter_asyn/reg_gen_9__u_dreg/n7
                            0.000000       0.001539       -0.001539 (VIOLATED)
   counter_inst_8__u_counter_asyn/reg_gen_10__u_dreg/n7
                            0.000000       0.001539       -0.001539 (VIOLATED)
   counter_inst_8__u_counter_asyn/reg_gen_11__u_dreg/n7
                            0.000000       0.001539       -0.001539 (VIOLATED)
   counter_inst_8__u_counter_asyn/reg_gen_12__u_dreg/n7
                            0.000000       0.001539       -0.001539 (VIOLATED)
   counter_inst_8__u_counter_asyn/reg_gen_13__u_dreg/n7
                            0.000000       0.001539       -0.001539 (VIOLATED)
   counter_inst_8__u_counter_asyn/reg_gen_14__u_dreg/n7
                            0.000000       0.001539       -0.001539 (VIOLATED)
   counter_inst_8__u_counter_asyn/reg_gen_15__u_dreg/n7
                            0.000000       0.001539       -0.001539 (VIOLATED)
   counter_inst_9__u_counter_asyn/reg_gen_0__u_dreg/n7
                            0.000000       0.001539       -0.001539 (VIOLATED)
   counter_inst_9__u_counter_asyn/reg_gen_1__u_dreg/n7
                            0.000000       0.001539       -0.001539 (VIOLATED)
   counter_inst_9__u_counter_asyn/reg_gen_2__u_dreg/n7
                            0.000000       0.001539       -0.001539 (VIOLATED)
   counter_inst_9__u_counter_asyn/reg_gen_3__u_dreg/n7
                            0.000000       0.001539       -0.001539 (VIOLATED)
   counter_inst_9__u_counter_asyn/reg_gen_4__u_dreg/n7
                            0.000000       0.001539       -0.001539 (VIOLATED)
   counter_inst_9__u_counter_asyn/reg_gen_5__u_dreg/n7
                            0.000000       0.001539       -0.001539 (VIOLATED)
   counter_inst_9__u_counter_asyn/reg_gen_6__u_dreg/n7
                            0.000000       0.001539       -0.001539 (VIOLATED)
   counter_inst_9__u_counter_asyn/reg_gen_7__u_dreg/n7
                            0.000000       0.001539       -0.001539 (VIOLATED)
   counter_inst_9__u_counter_asyn/reg_gen_8__u_dreg/n7
                            0.000000       0.001539       -0.001539 (VIOLATED)
   counter_inst_9__u_counter_asyn/reg_gen_9__u_dreg/n7
                            0.000000       0.001539       -0.001539 (VIOLATED)
   counter_inst_9__u_counter_asyn/reg_gen_10__u_dreg/n7
                            0.000000       0.001539       -0.001539 (VIOLATED)
   counter_inst_9__u_counter_asyn/reg_gen_11__u_dreg/n7
                            0.000000       0.001539       -0.001539 (VIOLATED)
   counter_inst_9__u_counter_asyn/reg_gen_12__u_dreg/n7
                            0.000000       0.001539       -0.001539 (VIOLATED)
   counter_inst_9__u_counter_asyn/reg_gen_13__u_dreg/n7
                            0.000000       0.001539       -0.001539 (VIOLATED)
   counter_inst_9__u_counter_asyn/reg_gen_14__u_dreg/n7
                            0.000000       0.001539       -0.001539 (VIOLATED)
   counter_inst_9__u_counter_asyn/reg_gen_15__u_dreg/n7
                            0.000000       0.001539       -0.001539 (VIOLATED)
   counter_inst_10__u_counter_asyn/reg_gen_0__u_dreg/n7
                            0.000000       0.001539       -0.001539 (VIOLATED)
   counter_inst_10__u_counter_asyn/reg_gen_1__u_dreg/n7
                            0.000000       0.001539       -0.001539 (VIOLATED)
   counter_inst_10__u_counter_asyn/reg_gen_2__u_dreg/n7
                            0.000000       0.001539       -0.001539 (VIOLATED)
   counter_inst_10__u_counter_asyn/reg_gen_3__u_dreg/n7
                            0.000000       0.001539       -0.001539 (VIOLATED)
   counter_inst_10__u_counter_asyn/reg_gen_4__u_dreg/n7
                            0.000000       0.001539       -0.001539 (VIOLATED)
   counter_inst_10__u_counter_asyn/reg_gen_5__u_dreg/n7
                            0.000000       0.001539       -0.001539 (VIOLATED)
   counter_inst_10__u_counter_asyn/reg_gen_6__u_dreg/n7
                            0.000000       0.001539       -0.001539 (VIOLATED)
   counter_inst_10__u_counter_asyn/reg_gen_7__u_dreg/n7
                            0.000000       0.001539       -0.001539 (VIOLATED)
   counter_inst_10__u_counter_asyn/reg_gen_8__u_dreg/n7
                            0.000000       0.001539       -0.001539 (VIOLATED)
   counter_inst_10__u_counter_asyn/reg_gen_9__u_dreg/n7
                            0.000000       0.001539       -0.001539 (VIOLATED)
   counter_inst_10__u_counter_asyn/reg_gen_10__u_dreg/n7
                            0.000000       0.001539       -0.001539 (VIOLATED)
   counter_inst_10__u_counter_asyn/reg_gen_11__u_dreg/n7
                            0.000000       0.001539       -0.001539 (VIOLATED)
   counter_inst_10__u_counter_asyn/reg_gen_12__u_dreg/n7
                            0.000000       0.001539       -0.001539 (VIOLATED)
   counter_inst_10__u_counter_asyn/reg_gen_13__u_dreg/n7
                            0.000000       0.001539       -0.001539 (VIOLATED)
   counter_inst_10__u_counter_asyn/reg_gen_14__u_dreg/n7
                            0.000000       0.001539       -0.001539 (VIOLATED)
   counter_inst_10__u_counter_asyn/reg_gen_15__u_dreg/n7
                            0.000000       0.001539       -0.001539 (VIOLATED)
   counter_inst_11__u_counter_asyn/reg_gen_0__u_dreg/n7
                            0.000000       0.001539       -0.001539 (VIOLATED)
   counter_inst_11__u_counter_asyn/reg_gen_1__u_dreg/n7
                            0.000000       0.001539       -0.001539 (VIOLATED)
   counter_inst_11__u_counter_asyn/reg_gen_2__u_dreg/n7
                            0.000000       0.001539       -0.001539 (VIOLATED)
   counter_inst_11__u_counter_asyn/reg_gen_3__u_dreg/n7
                            0.000000       0.001539       -0.001539 (VIOLATED)
   counter_inst_11__u_counter_asyn/reg_gen_4__u_dreg/n7
                            0.000000       0.001539       -0.001539 (VIOLATED)
   counter_inst_11__u_counter_asyn/reg_gen_5__u_dreg/n7
                            0.000000       0.001539       -0.001539 (VIOLATED)
   counter_inst_11__u_counter_asyn/reg_gen_6__u_dreg/n7
                            0.000000       0.001539       -0.001539 (VIOLATED)
   counter_inst_11__u_counter_asyn/reg_gen_7__u_dreg/n7
                            0.000000       0.001539       -0.001539 (VIOLATED)
   counter_inst_11__u_counter_asyn/reg_gen_8__u_dreg/n7
                            0.000000       0.001539       -0.001539 (VIOLATED)
   counter_inst_11__u_counter_asyn/reg_gen_9__u_dreg/n7
                            0.000000       0.001539       -0.001539 (VIOLATED)
   counter_inst_11__u_counter_asyn/reg_gen_10__u_dreg/n7
                            0.000000       0.001539       -0.001539 (VIOLATED)
   counter_inst_11__u_counter_asyn/reg_gen_11__u_dreg/n7
                            0.000000       0.001539       -0.001539 (VIOLATED)
   counter_inst_11__u_counter_asyn/reg_gen_12__u_dreg/n7
                            0.000000       0.001539       -0.001539 (VIOLATED)
   counter_inst_11__u_counter_asyn/reg_gen_13__u_dreg/n7
                            0.000000       0.001539       -0.001539 (VIOLATED)
   counter_inst_11__u_counter_asyn/reg_gen_14__u_dreg/n7
                            0.000000       0.001539       -0.001539 (VIOLATED)
   counter_inst_11__u_counter_asyn/reg_gen_15__u_dreg/n7
                            0.000000       0.001539       -0.001539 (VIOLATED)
   counter_inst_12__u_counter_asyn/reg_gen_0__u_dreg/n7
                            0.000000       0.001539       -0.001539 (VIOLATED)
   counter_inst_12__u_counter_asyn/reg_gen_1__u_dreg/n7
                            0.000000       0.001539       -0.001539 (VIOLATED)
   counter_inst_12__u_counter_asyn/reg_gen_2__u_dreg/n7
                            0.000000       0.001539       -0.001539 (VIOLATED)
   counter_inst_12__u_counter_asyn/reg_gen_3__u_dreg/n7
                            0.000000       0.001539       -0.001539 (VIOLATED)
   counter_inst_12__u_counter_asyn/reg_gen_4__u_dreg/n7
                            0.000000       0.001539       -0.001539 (VIOLATED)
   counter_inst_12__u_counter_asyn/reg_gen_5__u_dreg/n7
                            0.000000       0.001539       -0.001539 (VIOLATED)
   counter_inst_12__u_counter_asyn/reg_gen_6__u_dreg/n7
                            0.000000       0.001539       -0.001539 (VIOLATED)
   counter_inst_12__u_counter_asyn/reg_gen_7__u_dreg/n7
                            0.000000       0.001539       -0.001539 (VIOLATED)
   counter_inst_12__u_counter_asyn/reg_gen_8__u_dreg/n7
                            0.000000       0.001539       -0.001539 (VIOLATED)
   counter_inst_12__u_counter_asyn/reg_gen_9__u_dreg/n7
                            0.000000       0.001539       -0.001539 (VIOLATED)
   counter_inst_12__u_counter_asyn/reg_gen_10__u_dreg/n7
                            0.000000       0.001539       -0.001539 (VIOLATED)
   counter_inst_12__u_counter_asyn/reg_gen_11__u_dreg/n7
                            0.000000       0.001539       -0.001539 (VIOLATED)
   counter_inst_12__u_counter_asyn/reg_gen_12__u_dreg/n7
                            0.000000       0.001539       -0.001539 (VIOLATED)
   counter_inst_12__u_counter_asyn/reg_gen_13__u_dreg/n7
                            0.000000       0.001539       -0.001539 (VIOLATED)
   counter_inst_12__u_counter_asyn/reg_gen_14__u_dreg/n7
                            0.000000       0.001539       -0.001539 (VIOLATED)
   counter_inst_12__u_counter_asyn/reg_gen_15__u_dreg/n7
                            0.000000       0.001539       -0.001539 (VIOLATED)
   counter_inst_13__u_counter_asyn/reg_gen_0__u_dreg/n8
                            0.000000       0.001539       -0.001539 (VIOLATED)
   counter_inst_13__u_counter_asyn/reg_gen_1__u_dreg/n7
                            0.000000       0.001539       -0.001539 (VIOLATED)
   counter_inst_13__u_counter_asyn/reg_gen_2__u_dreg/n7
                            0.000000       0.001539       -0.001539 (VIOLATED)
   counter_inst_13__u_counter_asyn/reg_gen_3__u_dreg/n7
                            0.000000       0.001539       -0.001539 (VIOLATED)
   counter_inst_13__u_counter_asyn/reg_gen_4__u_dreg/n7
                            0.000000       0.001539       -0.001539 (VIOLATED)
   counter_inst_13__u_counter_asyn/reg_gen_5__u_dreg/n7
                            0.000000       0.001539       -0.001539 (VIOLATED)
   counter_inst_13__u_counter_asyn/reg_gen_6__u_dreg/n7
                            0.000000       0.001539       -0.001539 (VIOLATED)
   counter_inst_13__u_counter_asyn/reg_gen_7__u_dreg/n7
                            0.000000       0.001539       -0.001539 (VIOLATED)
   counter_inst_13__u_counter_asyn/reg_gen_8__u_dreg/n7
                            0.000000       0.001539       -0.001539 (VIOLATED)
   counter_inst_13__u_counter_asyn/reg_gen_9__u_dreg/n7
                            0.000000       0.001539       -0.001539 (VIOLATED)
   counter_inst_13__u_counter_asyn/reg_gen_10__u_dreg/n7
                            0.000000       0.001539       -0.001539 (VIOLATED)
   counter_inst_13__u_counter_asyn/reg_gen_11__u_dreg/n7
                            0.000000       0.001539       -0.001539 (VIOLATED)
   counter_inst_13__u_counter_asyn/reg_gen_12__u_dreg/n7
                            0.000000       0.001539       -0.001539 (VIOLATED)
   counter_inst_13__u_counter_asyn/reg_gen_13__u_dreg/n7
                            0.000000       0.001539       -0.001539 (VIOLATED)
   counter_inst_13__u_counter_asyn/reg_gen_14__u_dreg/n7
                            0.000000       0.001539       -0.001539 (VIOLATED)
   counter_inst_13__u_counter_asyn/reg_gen_15__u_dreg/n7
                            0.000000       0.001539       -0.001539 (VIOLATED)
   counter_inst_14__u_counter_asyn/reg_gen_0__u_dreg/n8
                            0.000000       0.001539       -0.001539 (VIOLATED)
   counter_inst_14__u_counter_asyn/reg_gen_1__u_dreg/n7
                            0.000000       0.001539       -0.001539 (VIOLATED)
   counter_inst_14__u_counter_asyn/reg_gen_2__u_dreg/n7
                            0.000000       0.001539       -0.001539 (VIOLATED)
   counter_inst_14__u_counter_asyn/reg_gen_3__u_dreg/n7
                            0.000000       0.001539       -0.001539 (VIOLATED)
   counter_inst_14__u_counter_asyn/reg_gen_4__u_dreg/n7
                            0.000000       0.001539       -0.001539 (VIOLATED)
   counter_inst_14__u_counter_asyn/reg_gen_5__u_dreg/n7
                            0.000000       0.001539       -0.001539 (VIOLATED)
   counter_inst_14__u_counter_asyn/reg_gen_6__u_dreg/n7
                            0.000000       0.001539       -0.001539 (VIOLATED)
   counter_inst_14__u_counter_asyn/reg_gen_7__u_dreg/n7
                            0.000000       0.001539       -0.001539 (VIOLATED)
   counter_inst_14__u_counter_asyn/reg_gen_8__u_dreg/n7
                            0.000000       0.001539       -0.001539 (VIOLATED)
   counter_inst_14__u_counter_asyn/reg_gen_9__u_dreg/n7
                            0.000000       0.001539       -0.001539 (VIOLATED)
   counter_inst_14__u_counter_asyn/reg_gen_10__u_dreg/n7
                            0.000000       0.001539       -0.001539 (VIOLATED)
   counter_inst_14__u_counter_asyn/reg_gen_11__u_dreg/n7
                            0.000000       0.001539       -0.001539 (VIOLATED)
   counter_inst_14__u_counter_asyn/reg_gen_12__u_dreg/n7
                            0.000000       0.001539       -0.001539 (VIOLATED)
   counter_inst_14__u_counter_asyn/reg_gen_13__u_dreg/n7
                            0.000000       0.001539       -0.001539 (VIOLATED)
   counter_inst_14__u_counter_asyn/reg_gen_14__u_dreg/n7
                            0.000000       0.001539       -0.001539 (VIOLATED)
   counter_inst_14__u_counter_asyn/reg_gen_15__u_dreg/n7
                            0.000000       0.001539       -0.001539 (VIOLATED)
   counter_inst_15__u_counter_asyn/reg_gen_0__u_dreg/n7
                            0.000000       0.001539       -0.001539 (VIOLATED)
   counter_inst_15__u_counter_asyn/reg_gen_1__u_dreg/n7
                            0.000000       0.001539       -0.001539 (VIOLATED)
   counter_inst_15__u_counter_asyn/reg_gen_2__u_dreg/n7
                            0.000000       0.001539       -0.001539 (VIOLATED)
   counter_inst_15__u_counter_asyn/reg_gen_3__u_dreg/n7
                            0.000000       0.001539       -0.001539 (VIOLATED)
   counter_inst_15__u_counter_asyn/reg_gen_4__u_dreg/n7
                            0.000000       0.001539       -0.001539 (VIOLATED)
   counter_inst_15__u_counter_asyn/reg_gen_5__u_dreg/n7
                            0.000000       0.001539       -0.001539 (VIOLATED)
   counter_inst_15__u_counter_asyn/reg_gen_6__u_dreg/n7
                            0.000000       0.001539       -0.001539 (VIOLATED)
   counter_inst_15__u_counter_asyn/reg_gen_7__u_dreg/n7
                            0.000000       0.001539       -0.001539 (VIOLATED)
   counter_inst_15__u_counter_asyn/reg_gen_8__u_dreg/n7
                            0.000000       0.001539       -0.001539 (VIOLATED)
   counter_inst_15__u_counter_asyn/reg_gen_9__u_dreg/n7
                            0.000000       0.001539       -0.001539 (VIOLATED)
   counter_inst_15__u_counter_asyn/reg_gen_10__u_dreg/n7
                            0.000000       0.001539       -0.001539 (VIOLATED)
   counter_inst_15__u_counter_asyn/reg_gen_11__u_dreg/n7
                            0.000000       0.001539       -0.001539 (VIOLATED)
   counter_inst_15__u_counter_asyn/reg_gen_12__u_dreg/n7
                            0.000000       0.001539       -0.001539 (VIOLATED)
   counter_inst_15__u_counter_asyn/reg_gen_13__u_dreg/n7
                            0.000000       0.001539       -0.001539 (VIOLATED)
   counter_inst_15__u_counter_asyn/reg_gen_14__u_dreg/n7
                            0.000000       0.001539       -0.001539 (VIOLATED)
   counter_inst_15__u_counter_asyn/reg_gen_15__u_dreg/n7
                            0.000000       0.001539       -0.001539 (VIOLATED)
   counter_inst_16__u_counter_asyn/reg_gen_0__u_dreg/n7
                            0.000000       0.001539       -0.001539 (VIOLATED)
   counter_inst_16__u_counter_asyn/reg_gen_1__u_dreg/n7
                            0.000000       0.001539       -0.001539 (VIOLATED)
   counter_inst_16__u_counter_asyn/reg_gen_2__u_dreg/n7
                            0.000000       0.001539       -0.001539 (VIOLATED)
   counter_inst_16__u_counter_asyn/reg_gen_3__u_dreg/n7
                            0.000000       0.001539       -0.001539 (VIOLATED)
   counter_inst_16__u_counter_asyn/reg_gen_4__u_dreg/n7
                            0.000000       0.001539       -0.001539 (VIOLATED)
   counter_inst_16__u_counter_asyn/reg_gen_5__u_dreg/n7
                            0.000000       0.001539       -0.001539 (VIOLATED)
   counter_inst_16__u_counter_asyn/reg_gen_6__u_dreg/n7
                            0.000000       0.001539       -0.001539 (VIOLATED)
   counter_inst_16__u_counter_asyn/reg_gen_7__u_dreg/n7
                            0.000000       0.001539       -0.001539 (VIOLATED)
   counter_inst_16__u_counter_asyn/reg_gen_8__u_dreg/n7
                            0.000000       0.001539       -0.001539 (VIOLATED)
   counter_inst_16__u_counter_asyn/reg_gen_9__u_dreg/n7
                            0.000000       0.001539       -0.001539 (VIOLATED)
   counter_inst_16__u_counter_asyn/reg_gen_10__u_dreg/n7
                            0.000000       0.001539       -0.001539 (VIOLATED)
   counter_inst_16__u_counter_asyn/reg_gen_11__u_dreg/n7
                            0.000000       0.001539       -0.001539 (VIOLATED)
   counter_inst_16__u_counter_asyn/reg_gen_12__u_dreg/n7
                            0.000000       0.001539       -0.001539 (VIOLATED)
   counter_inst_16__u_counter_asyn/reg_gen_13__u_dreg/n7
                            0.000000       0.001539       -0.001539 (VIOLATED)
   counter_inst_16__u_counter_asyn/reg_gen_14__u_dreg/n7
                            0.000000       0.001539       -0.001539 (VIOLATED)
   counter_inst_16__u_counter_asyn/reg_gen_15__u_dreg/n7
                            0.000000       0.001539       -0.001539 (VIOLATED)
   counter_inst_17__u_counter_asyn/reg_gen_0__u_dreg/n7
                            0.000000       0.001539       -0.001539 (VIOLATED)
   counter_inst_17__u_counter_asyn/reg_gen_1__u_dreg/n7
                            0.000000       0.001539       -0.001539 (VIOLATED)
   counter_inst_17__u_counter_asyn/reg_gen_2__u_dreg/n7
                            0.000000       0.001539       -0.001539 (VIOLATED)
   counter_inst_17__u_counter_asyn/reg_gen_3__u_dreg/n7
                            0.000000       0.001539       -0.001539 (VIOLATED)
   counter_inst_17__u_counter_asyn/reg_gen_4__u_dreg/n7
                            0.000000       0.001539       -0.001539 (VIOLATED)
   counter_inst_17__u_counter_asyn/reg_gen_5__u_dreg/n7
                            0.000000       0.001539       -0.001539 (VIOLATED)
   counter_inst_17__u_counter_asyn/reg_gen_6__u_dreg/n7
                            0.000000       0.001539       -0.001539 (VIOLATED)
   counter_inst_17__u_counter_asyn/reg_gen_7__u_dreg/n7
                            0.000000       0.001539       -0.001539 (VIOLATED)
   counter_inst_17__u_counter_asyn/reg_gen_8__u_dreg/n7
                            0.000000       0.001539       -0.001539 (VIOLATED)
   counter_inst_17__u_counter_asyn/reg_gen_9__u_dreg/n7
                            0.000000       0.001539       -0.001539 (VIOLATED)
   counter_inst_17__u_counter_asyn/reg_gen_10__u_dreg/n7
                            0.000000       0.001539       -0.001539 (VIOLATED)
   counter_inst_17__u_counter_asyn/reg_gen_11__u_dreg/n7
                            0.000000       0.001539       -0.001539 (VIOLATED)
   counter_inst_17__u_counter_asyn/reg_gen_12__u_dreg/n7
                            0.000000       0.001539       -0.001539 (VIOLATED)
   counter_inst_17__u_counter_asyn/reg_gen_13__u_dreg/n7
                            0.000000       0.001539       -0.001539 (VIOLATED)
   counter_inst_17__u_counter_asyn/reg_gen_14__u_dreg/n7
                            0.000000       0.001539       -0.001539 (VIOLATED)
   counter_inst_17__u_counter_asyn/reg_gen_15__u_dreg/n7
                            0.000000       0.001539       -0.001539 (VIOLATED)
   counter_inst_18__u_counter_asyn/reg_gen_0__u_dreg/n7
                            0.000000       0.001539       -0.001539 (VIOLATED)
   counter_inst_18__u_counter_asyn/reg_gen_1__u_dreg/n7
                            0.000000       0.001539       -0.001539 (VIOLATED)
   counter_inst_18__u_counter_asyn/reg_gen_2__u_dreg/n7
                            0.000000       0.001539       -0.001539 (VIOLATED)
   counter_inst_18__u_counter_asyn/reg_gen_3__u_dreg/n7
                            0.000000       0.001539       -0.001539 (VIOLATED)
   counter_inst_18__u_counter_asyn/reg_gen_4__u_dreg/n7
                            0.000000       0.001539       -0.001539 (VIOLATED)
   counter_inst_18__u_counter_asyn/reg_gen_5__u_dreg/n7
                            0.000000       0.001539       -0.001539 (VIOLATED)
   counter_inst_18__u_counter_asyn/reg_gen_6__u_dreg/n7
                            0.000000       0.001539       -0.001539 (VIOLATED)
   counter_inst_18__u_counter_asyn/reg_gen_7__u_dreg/n7
                            0.000000       0.001539       -0.001539 (VIOLATED)
   counter_inst_18__u_counter_asyn/reg_gen_8__u_dreg/n7
                            0.000000       0.001539       -0.001539 (VIOLATED)
   counter_inst_18__u_counter_asyn/reg_gen_9__u_dreg/n7
                            0.000000       0.001539       -0.001539 (VIOLATED)
   counter_inst_18__u_counter_asyn/reg_gen_10__u_dreg/n7
                            0.000000       0.001539       -0.001539 (VIOLATED)
   counter_inst_18__u_counter_asyn/reg_gen_11__u_dreg/n7
                            0.000000       0.001539       -0.001539 (VIOLATED)
   counter_inst_18__u_counter_asyn/reg_gen_12__u_dreg/n7
                            0.000000       0.001539       -0.001539 (VIOLATED)
   counter_inst_18__u_counter_asyn/reg_gen_13__u_dreg/n7
                            0.000000       0.001539       -0.001539 (VIOLATED)
   counter_inst_18__u_counter_asyn/reg_gen_14__u_dreg/n7
                            0.000000       0.001539       -0.001539 (VIOLATED)
   counter_inst_18__u_counter_asyn/reg_gen_15__u_dreg/n7
                            0.000000       0.001539       -0.001539 (VIOLATED)
   counter_inst_19__u_counter_asyn/reg_gen_0__u_dreg/n7
                            0.000000       0.001539       -0.001539 (VIOLATED)
   counter_inst_19__u_counter_asyn/reg_gen_1__u_dreg/n7
                            0.000000       0.001539       -0.001539 (VIOLATED)
   counter_inst_19__u_counter_asyn/reg_gen_2__u_dreg/n7
                            0.000000       0.001539       -0.001539 (VIOLATED)
   counter_inst_19__u_counter_asyn/reg_gen_3__u_dreg/n7
                            0.000000       0.001539       -0.001539 (VIOLATED)
   counter_inst_19__u_counter_asyn/reg_gen_4__u_dreg/n7
                            0.000000       0.001539       -0.001539 (VIOLATED)
   counter_inst_19__u_counter_asyn/reg_gen_5__u_dreg/n7
                            0.000000       0.001539       -0.001539 (VIOLATED)
   counter_inst_19__u_counter_asyn/reg_gen_6__u_dreg/n7
                            0.000000       0.001539       -0.001539 (VIOLATED)
   counter_inst_19__u_counter_asyn/reg_gen_7__u_dreg/n7
                            0.000000       0.001539       -0.001539 (VIOLATED)
   counter_inst_19__u_counter_asyn/reg_gen_8__u_dreg/n7
                            0.000000       0.001539       -0.001539 (VIOLATED)
   counter_inst_19__u_counter_asyn/reg_gen_9__u_dreg/n7
                            0.000000       0.001539       -0.001539 (VIOLATED)
   counter_inst_19__u_counter_asyn/reg_gen_10__u_dreg/n7
                            0.000000       0.001539       -0.001539 (VIOLATED)
   counter_inst_19__u_counter_asyn/reg_gen_11__u_dreg/n7
                            0.000000       0.001539       -0.001539 (VIOLATED)
   counter_inst_19__u_counter_asyn/reg_gen_12__u_dreg/n7
                            0.000000       0.001539       -0.001539 (VIOLATED)
   counter_inst_19__u_counter_asyn/reg_gen_13__u_dreg/n7
                            0.000000       0.001539       -0.001539 (VIOLATED)
   counter_inst_19__u_counter_asyn/reg_gen_14__u_dreg/n7
                            0.000000       0.001539       -0.001539 (VIOLATED)
   counter_inst_19__u_counter_asyn/reg_gen_15__u_dreg/n7
                            0.000000       0.001539       -0.001539 (VIOLATED)
   counter_inst_20__u_counter_asyn/reg_gen_0__u_dreg/n7
                            0.000000       0.001539       -0.001539 (VIOLATED)
   counter_inst_20__u_counter_asyn/reg_gen_1__u_dreg/n7
                            0.000000       0.001539       -0.001539 (VIOLATED)
   counter_inst_20__u_counter_asyn/reg_gen_2__u_dreg/n7
                            0.000000       0.001539       -0.001539 (VIOLATED)
   counter_inst_20__u_counter_asyn/reg_gen_3__u_dreg/n7
                            0.000000       0.001539       -0.001539 (VIOLATED)
   counter_inst_20__u_counter_asyn/reg_gen_4__u_dreg/n7
                            0.000000       0.001539       -0.001539 (VIOLATED)
   counter_inst_20__u_counter_asyn/reg_gen_5__u_dreg/n7
                            0.000000       0.001539       -0.001539 (VIOLATED)
   counter_inst_20__u_counter_asyn/reg_gen_6__u_dreg/n7
                            0.000000       0.001539       -0.001539 (VIOLATED)
   counter_inst_20__u_counter_asyn/reg_gen_7__u_dreg/n7
                            0.000000       0.001539       -0.001539 (VIOLATED)
   counter_inst_20__u_counter_asyn/reg_gen_8__u_dreg/n7
                            0.000000       0.001539       -0.001539 (VIOLATED)
   counter_inst_20__u_counter_asyn/reg_gen_9__u_dreg/n7
                            0.000000       0.001539       -0.001539 (VIOLATED)
   counter_inst_20__u_counter_asyn/reg_gen_10__u_dreg/n7
                            0.000000       0.001539       -0.001539 (VIOLATED)
   counter_inst_20__u_counter_asyn/reg_gen_11__u_dreg/n7
                            0.000000       0.001539       -0.001539 (VIOLATED)
   counter_inst_20__u_counter_asyn/reg_gen_12__u_dreg/n7
                            0.000000       0.001539       -0.001539 (VIOLATED)
   counter_inst_20__u_counter_asyn/reg_gen_13__u_dreg/n7
                            0.000000       0.001539       -0.001539 (VIOLATED)
   counter_inst_20__u_counter_asyn/reg_gen_14__u_dreg/n7
                            0.000000       0.001539       -0.001539 (VIOLATED)
   counter_inst_20__u_counter_asyn/reg_gen_15__u_dreg/n7
                            0.000000       0.001539       -0.001539 (VIOLATED)
   counter_inst_21__u_counter_asyn/reg_gen_0__u_dreg/n8
                            0.000000       0.001539       -0.001539 (VIOLATED)
   counter_inst_21__u_counter_asyn/reg_gen_1__u_dreg/n7
                            0.000000       0.001539       -0.001539 (VIOLATED)
   counter_inst_21__u_counter_asyn/reg_gen_2__u_dreg/n7
                            0.000000       0.001539       -0.001539 (VIOLATED)
   counter_inst_21__u_counter_asyn/reg_gen_3__u_dreg/n7
                            0.000000       0.001539       -0.001539 (VIOLATED)
   counter_inst_21__u_counter_asyn/reg_gen_4__u_dreg/n7
                            0.000000       0.001539       -0.001539 (VIOLATED)
   counter_inst_21__u_counter_asyn/reg_gen_5__u_dreg/n7
                            0.000000       0.001539       -0.001539 (VIOLATED)
   counter_inst_21__u_counter_asyn/reg_gen_6__u_dreg/n7
                            0.000000       0.001539       -0.001539 (VIOLATED)
   counter_inst_21__u_counter_asyn/reg_gen_7__u_dreg/n7
                            0.000000       0.001539       -0.001539 (VIOLATED)
   counter_inst_21__u_counter_asyn/reg_gen_8__u_dreg/n7
                            0.000000       0.001539       -0.001539 (VIOLATED)
   counter_inst_21__u_counter_asyn/reg_gen_9__u_dreg/n7
                            0.000000       0.001539       -0.001539 (VIOLATED)
   counter_inst_21__u_counter_asyn/reg_gen_10__u_dreg/n7
                            0.000000       0.001539       -0.001539 (VIOLATED)
   counter_inst_21__u_counter_asyn/reg_gen_11__u_dreg/n7
                            0.000000       0.001539       -0.001539 (VIOLATED)
   counter_inst_21__u_counter_asyn/reg_gen_12__u_dreg/n7
                            0.000000       0.001539       -0.001539 (VIOLATED)
   counter_inst_21__u_counter_asyn/reg_gen_13__u_dreg/n7
                            0.000000       0.001539       -0.001539 (VIOLATED)
   counter_inst_21__u_counter_asyn/reg_gen_14__u_dreg/n7
                            0.000000       0.001539       -0.001539 (VIOLATED)
   counter_inst_21__u_counter_asyn/reg_gen_15__u_dreg/n7
                            0.000000       0.001539       -0.001539 (VIOLATED)
   counter_inst_22__u_counter_asyn/reg_gen_0__u_dreg/n7
                            0.000000       0.001539       -0.001539 (VIOLATED)
   counter_inst_22__u_counter_asyn/reg_gen_1__u_dreg/n7
                            0.000000       0.001539       -0.001539 (VIOLATED)
   counter_inst_22__u_counter_asyn/reg_gen_2__u_dreg/n7
                            0.000000       0.001539       -0.001539 (VIOLATED)
   counter_inst_22__u_counter_asyn/reg_gen_3__u_dreg/n7
                            0.000000       0.001539       -0.001539 (VIOLATED)
   counter_inst_22__u_counter_asyn/reg_gen_4__u_dreg/n7
                            0.000000       0.001539       -0.001539 (VIOLATED)
   counter_inst_22__u_counter_asyn/reg_gen_5__u_dreg/n7
                            0.000000       0.001539       -0.001539 (VIOLATED)
   counter_inst_22__u_counter_asyn/reg_gen_6__u_dreg/n7
                            0.000000       0.001539       -0.001539 (VIOLATED)
   counter_inst_22__u_counter_asyn/reg_gen_7__u_dreg/n7
                            0.000000       0.001539       -0.001539 (VIOLATED)
   counter_inst_22__u_counter_asyn/reg_gen_8__u_dreg/n7
                            0.000000       0.001539       -0.001539 (VIOLATED)
   counter_inst_22__u_counter_asyn/reg_gen_9__u_dreg/n7
                            0.000000       0.001539       -0.001539 (VIOLATED)
   counter_inst_22__u_counter_asyn/reg_gen_10__u_dreg/n7
                            0.000000       0.001539       -0.001539 (VIOLATED)
   counter_inst_22__u_counter_asyn/reg_gen_11__u_dreg/n7
                            0.000000       0.001539       -0.001539 (VIOLATED)
   counter_inst_22__u_counter_asyn/reg_gen_12__u_dreg/n7
                            0.000000       0.001539       -0.001539 (VIOLATED)
   counter_inst_22__u_counter_asyn/reg_gen_13__u_dreg/n7
                            0.000000       0.001539       -0.001539 (VIOLATED)
   counter_inst_22__u_counter_asyn/reg_gen_14__u_dreg/n7
                            0.000000       0.001539       -0.001539 (VIOLATED)
   counter_inst_22__u_counter_asyn/reg_gen_15__u_dreg/n7
                            0.000000       0.001539       -0.001539 (VIOLATED)
   counter_inst_23__u_counter_asyn/reg_gen_0__u_dreg/n7
                            0.000000       0.001539       -0.001539 (VIOLATED)
   counter_inst_23__u_counter_asyn/reg_gen_1__u_dreg/n7
                            0.000000       0.001539       -0.001539 (VIOLATED)
   counter_inst_23__u_counter_asyn/reg_gen_2__u_dreg/n7
                            0.000000       0.001539       -0.001539 (VIOLATED)
   counter_inst_23__u_counter_asyn/reg_gen_3__u_dreg/n7
                            0.000000       0.001539       -0.001539 (VIOLATED)
   counter_inst_23__u_counter_asyn/reg_gen_4__u_dreg/n7
                            0.000000       0.001539       -0.001539 (VIOLATED)
   counter_inst_23__u_counter_asyn/reg_gen_5__u_dreg/n7
                            0.000000       0.001539       -0.001539 (VIOLATED)
   counter_inst_23__u_counter_asyn/reg_gen_6__u_dreg/n7
                            0.000000       0.001539       -0.001539 (VIOLATED)
   counter_inst_23__u_counter_asyn/reg_gen_7__u_dreg/n7
                            0.000000       0.001539       -0.001539 (VIOLATED)
   counter_inst_23__u_counter_asyn/reg_gen_8__u_dreg/n7
                            0.000000       0.001539       -0.001539 (VIOLATED)
   counter_inst_23__u_counter_asyn/reg_gen_9__u_dreg/n7
                            0.000000       0.001539       -0.001539 (VIOLATED)
   counter_inst_23__u_counter_asyn/reg_gen_10__u_dreg/n7
                            0.000000       0.001539       -0.001539 (VIOLATED)
   counter_inst_23__u_counter_asyn/reg_gen_11__u_dreg/n7
                            0.000000       0.001539       -0.001539 (VIOLATED)
   counter_inst_23__u_counter_asyn/reg_gen_12__u_dreg/n7
                            0.000000       0.001539       -0.001539 (VIOLATED)
   counter_inst_23__u_counter_asyn/reg_gen_13__u_dreg/n7
                            0.000000       0.001539       -0.001539 (VIOLATED)
   counter_inst_23__u_counter_asyn/reg_gen_14__u_dreg/n7
                            0.000000       0.001539       -0.001539 (VIOLATED)
   counter_inst_23__u_counter_asyn/reg_gen_15__u_dreg/n7
                            0.000000       0.001539       -0.001539 (VIOLATED)
   counter_inst_24__u_counter_asyn/reg_gen_0__u_dreg/n7
                            0.000000       0.001539       -0.001539 (VIOLATED)
   counter_inst_24__u_counter_asyn/reg_gen_1__u_dreg/n7
                            0.000000       0.001539       -0.001539 (VIOLATED)
   counter_inst_24__u_counter_asyn/reg_gen_2__u_dreg/n7
                            0.000000       0.001539       -0.001539 (VIOLATED)
   counter_inst_24__u_counter_asyn/reg_gen_3__u_dreg/n7
                            0.000000       0.001539       -0.001539 (VIOLATED)
   counter_inst_24__u_counter_asyn/reg_gen_4__u_dreg/n7
                            0.000000       0.001539       -0.001539 (VIOLATED)
   counter_inst_24__u_counter_asyn/reg_gen_5__u_dreg/n7
                            0.000000       0.001539       -0.001539 (VIOLATED)
   counter_inst_24__u_counter_asyn/reg_gen_6__u_dreg/n7
                            0.000000       0.001539       -0.001539 (VIOLATED)
   counter_inst_24__u_counter_asyn/reg_gen_7__u_dreg/n7
                            0.000000       0.001539       -0.001539 (VIOLATED)
   counter_inst_24__u_counter_asyn/reg_gen_8__u_dreg/n7
                            0.000000       0.001539       -0.001539 (VIOLATED)
   counter_inst_24__u_counter_asyn/reg_gen_9__u_dreg/n7
                            0.000000       0.001539       -0.001539 (VIOLATED)
   counter_inst_24__u_counter_asyn/reg_gen_10__u_dreg/n7
                            0.000000       0.001539       -0.001539 (VIOLATED)
   counter_inst_24__u_counter_asyn/reg_gen_11__u_dreg/n7
                            0.000000       0.001539       -0.001539 (VIOLATED)
   counter_inst_24__u_counter_asyn/reg_gen_12__u_dreg/n7
                            0.000000       0.001539       -0.001539 (VIOLATED)
   counter_inst_24__u_counter_asyn/reg_gen_13__u_dreg/n7
                            0.000000       0.001539       -0.001539 (VIOLATED)
   counter_inst_24__u_counter_asyn/reg_gen_14__u_dreg/n7
                            0.000000       0.001539       -0.001539 (VIOLATED)
   counter_inst_24__u_counter_asyn/reg_gen_15__u_dreg/n7
                            0.000000       0.001539       -0.001539 (VIOLATED)
   counter_inst_25__u_counter_asyn/reg_gen_0__u_dreg/n7
                            0.000000       0.001539       -0.001539 (VIOLATED)
   counter_inst_25__u_counter_asyn/reg_gen_1__u_dreg/n7
                            0.000000       0.001539       -0.001539 (VIOLATED)
   counter_inst_25__u_counter_asyn/reg_gen_2__u_dreg/n7
                            0.000000       0.001539       -0.001539 (VIOLATED)
   counter_inst_25__u_counter_asyn/reg_gen_3__u_dreg/n7
                            0.000000       0.001539       -0.001539 (VIOLATED)
   counter_inst_25__u_counter_asyn/reg_gen_4__u_dreg/n7
                            0.000000       0.001539       -0.001539 (VIOLATED)
   counter_inst_25__u_counter_asyn/reg_gen_5__u_dreg/n7
                            0.000000       0.001539       -0.001539 (VIOLATED)
   counter_inst_25__u_counter_asyn/reg_gen_6__u_dreg/n7
                            0.000000       0.001539       -0.001539 (VIOLATED)
   counter_inst_25__u_counter_asyn/reg_gen_7__u_dreg/n7
                            0.000000       0.001539       -0.001539 (VIOLATED)
   counter_inst_25__u_counter_asyn/reg_gen_8__u_dreg/n7
                            0.000000       0.001539       -0.001539 (VIOLATED)
   counter_inst_25__u_counter_asyn/reg_gen_9__u_dreg/n7
                            0.000000       0.001539       -0.001539 (VIOLATED)
   counter_inst_25__u_counter_asyn/reg_gen_10__u_dreg/n7
                            0.000000       0.001539       -0.001539 (VIOLATED)
   counter_inst_25__u_counter_asyn/reg_gen_11__u_dreg/n7
                            0.000000       0.001539       -0.001539 (VIOLATED)
   counter_inst_25__u_counter_asyn/reg_gen_12__u_dreg/n7
                            0.000000       0.001539       -0.001539 (VIOLATED)
   counter_inst_25__u_counter_asyn/reg_gen_13__u_dreg/n7
                            0.000000       0.001539       -0.001539 (VIOLATED)
   counter_inst_25__u_counter_asyn/reg_gen_14__u_dreg/n7
                            0.000000       0.001539       -0.001539 (VIOLATED)
   counter_inst_25__u_counter_asyn/reg_gen_15__u_dreg/n7
                            0.000000       0.001539       -0.001539 (VIOLATED)
   counter_inst_26__u_counter_asyn/reg_gen_0__u_dreg/n7
                            0.000000       0.001539       -0.001539 (VIOLATED)
   counter_inst_26__u_counter_asyn/reg_gen_1__u_dreg/n7
                            0.000000       0.001539       -0.001539 (VIOLATED)
   counter_inst_26__u_counter_asyn/reg_gen_2__u_dreg/n7
                            0.000000       0.001539       -0.001539 (VIOLATED)
   counter_inst_26__u_counter_asyn/reg_gen_3__u_dreg/n7
                            0.000000       0.001539       -0.001539 (VIOLATED)
   counter_inst_26__u_counter_asyn/reg_gen_4__u_dreg/n7
                            0.000000       0.001539       -0.001539 (VIOLATED)
   counter_inst_26__u_counter_asyn/reg_gen_5__u_dreg/n7
                            0.000000       0.001539       -0.001539 (VIOLATED)
   counter_inst_26__u_counter_asyn/reg_gen_6__u_dreg/n7
                            0.000000       0.001539       -0.001539 (VIOLATED)
   counter_inst_26__u_counter_asyn/reg_gen_7__u_dreg/n7
                            0.000000       0.001539       -0.001539 (VIOLATED)
   counter_inst_26__u_counter_asyn/reg_gen_8__u_dreg/n7
                            0.000000       0.001539       -0.001539 (VIOLATED)
   counter_inst_26__u_counter_asyn/reg_gen_9__u_dreg/n7
                            0.000000       0.001539       -0.001539 (VIOLATED)
   counter_inst_26__u_counter_asyn/reg_gen_10__u_dreg/n7
                            0.000000       0.001539       -0.001539 (VIOLATED)
   counter_inst_26__u_counter_asyn/reg_gen_11__u_dreg/n7
                            0.000000       0.001539       -0.001539 (VIOLATED)
   counter_inst_26__u_counter_asyn/reg_gen_12__u_dreg/n7
                            0.000000       0.001539       -0.001539 (VIOLATED)
   counter_inst_26__u_counter_asyn/reg_gen_13__u_dreg/n7
                            0.000000       0.001539       -0.001539 (VIOLATED)
   counter_inst_26__u_counter_asyn/reg_gen_14__u_dreg/n7
                            0.000000       0.001539       -0.001539 (VIOLATED)
   counter_inst_26__u_counter_asyn/reg_gen_15__u_dreg/n7
                            0.000000       0.001539       -0.001539 (VIOLATED)
   counter_inst_27__u_counter_asyn/reg_gen_0__u_dreg/n7
                            0.000000       0.001539       -0.001539 (VIOLATED)
   counter_inst_27__u_counter_asyn/reg_gen_1__u_dreg/n7
                            0.000000       0.001539       -0.001539 (VIOLATED)
   counter_inst_27__u_counter_asyn/reg_gen_2__u_dreg/n7
                            0.000000       0.001539       -0.001539 (VIOLATED)
   counter_inst_27__u_counter_asyn/reg_gen_3__u_dreg/n7
                            0.000000       0.001539       -0.001539 (VIOLATED)
   counter_inst_27__u_counter_asyn/reg_gen_4__u_dreg/n7
                            0.000000       0.001539       -0.001539 (VIOLATED)
   counter_inst_27__u_counter_asyn/reg_gen_5__u_dreg/n7
                            0.000000       0.001539       -0.001539 (VIOLATED)
   counter_inst_27__u_counter_asyn/reg_gen_6__u_dreg/n7
                            0.000000       0.001539       -0.001539 (VIOLATED)
   counter_inst_27__u_counter_asyn/reg_gen_7__u_dreg/n7
                            0.000000       0.001539       -0.001539 (VIOLATED)
   counter_inst_27__u_counter_asyn/reg_gen_8__u_dreg/n7
                            0.000000       0.001539       -0.001539 (VIOLATED)
   counter_inst_27__u_counter_asyn/reg_gen_9__u_dreg/n7
                            0.000000       0.001539       -0.001539 (VIOLATED)
   counter_inst_27__u_counter_asyn/reg_gen_10__u_dreg/n7
                            0.000000       0.001539       -0.001539 (VIOLATED)
   counter_inst_27__u_counter_asyn/reg_gen_11__u_dreg/n7
                            0.000000       0.001539       -0.001539 (VIOLATED)
   counter_inst_27__u_counter_asyn/reg_gen_12__u_dreg/n7
                            0.000000       0.001539       -0.001539 (VIOLATED)
   counter_inst_27__u_counter_asyn/reg_gen_13__u_dreg/n7
                            0.000000       0.001539       -0.001539 (VIOLATED)
   counter_inst_27__u_counter_asyn/reg_gen_14__u_dreg/n7
                            0.000000       0.001539       -0.001539 (VIOLATED)
   counter_inst_27__u_counter_asyn/reg_gen_15__u_dreg/n7
                            0.000000       0.001539       -0.001539 (VIOLATED)
   counter_inst_28__u_counter_asyn/reg_gen_0__u_dreg/n7
                            0.000000       0.001539       -0.001539 (VIOLATED)
   counter_inst_28__u_counter_asyn/reg_gen_1__u_dreg/n7
                            0.000000       0.001539       -0.001539 (VIOLATED)
   counter_inst_28__u_counter_asyn/reg_gen_2__u_dreg/n7
                            0.000000       0.001539       -0.001539 (VIOLATED)
   counter_inst_28__u_counter_asyn/reg_gen_3__u_dreg/n7
                            0.000000       0.001539       -0.001539 (VIOLATED)
   counter_inst_28__u_counter_asyn/reg_gen_4__u_dreg/n7
                            0.000000       0.001539       -0.001539 (VIOLATED)
   counter_inst_28__u_counter_asyn/reg_gen_5__u_dreg/n7
                            0.000000       0.001539       -0.001539 (VIOLATED)
   counter_inst_28__u_counter_asyn/reg_gen_6__u_dreg/n7
                            0.000000       0.001539       -0.001539 (VIOLATED)
   counter_inst_28__u_counter_asyn/reg_gen_7__u_dreg/n7
                            0.000000       0.001539       -0.001539 (VIOLATED)
   counter_inst_28__u_counter_asyn/reg_gen_8__u_dreg/n7
                            0.000000       0.001539       -0.001539 (VIOLATED)
   counter_inst_28__u_counter_asyn/reg_gen_9__u_dreg/n7
                            0.000000       0.001539       -0.001539 (VIOLATED)
   counter_inst_28__u_counter_asyn/reg_gen_10__u_dreg/n7
                            0.000000       0.001539       -0.001539 (VIOLATED)
   counter_inst_28__u_counter_asyn/reg_gen_11__u_dreg/n7
                            0.000000       0.001539       -0.001539 (VIOLATED)
   counter_inst_28__u_counter_asyn/reg_gen_12__u_dreg/n7
                            0.000000       0.001539       -0.001539 (VIOLATED)
   counter_inst_28__u_counter_asyn/reg_gen_13__u_dreg/n7
                            0.000000       0.001539       -0.001539 (VIOLATED)
   counter_inst_28__u_counter_asyn/reg_gen_14__u_dreg/n7
                            0.000000       0.001539       -0.001539 (VIOLATED)
   counter_inst_28__u_counter_asyn/reg_gen_15__u_dreg/n7
                            0.000000       0.001539       -0.001539 (VIOLATED)
   n207                     0.000000       0.001539       -0.001539 (VIOLATED)
   n215                     0.000000       0.001539       -0.001539 (VIOLATED)
   n217                     0.000000       0.001539       -0.001539 (VIOLATED)
   n220                     0.000000       0.001539       -0.001539 (VIOLATED)
   n222                     0.000000       0.001539       -0.001539 (VIOLATED)
   n223                     0.000000       0.001539       -0.001539 (VIOLATED)
   n226                     0.000000       0.001539       -0.001539 (VIOLATED)
   n231                     0.000000       0.001539       -0.001539 (VIOLATED)
   n243                     0.000000       0.001539       -0.001539 (VIOLATED)
   n248                     0.000000       0.001539       -0.001539 (VIOLATED)
   n251                     0.000000       0.001539       -0.001539 (VIOLATED)
   n256                     0.000000       0.001539       -0.001539 (VIOLATED)
   n261                     0.000000       0.001539       -0.001539 (VIOLATED)
   n263                     0.000000       0.001539       -0.001539 (VIOLATED)
   n274                     0.000000       0.001539       -0.001539 (VIOLATED)
   n276                     0.000000       0.001539       -0.001539 (VIOLATED)
   n277                     0.000000       0.001539       -0.001539 (VIOLATED)
   n279                     0.000000       0.001539       -0.001539 (VIOLATED)
   n284                     0.000000       0.001539       -0.001539 (VIOLATED)
   n289                     0.000000       0.001539       -0.001539 (VIOLATED)
   n294                     0.000000       0.001539       -0.001539 (VIOLATED)
   n296                     0.000000       0.001539       -0.001539 (VIOLATED)
   n297                     0.000000       0.001539       -0.001539 (VIOLATED)
   n300                     0.000000       0.001539       -0.001539 (VIOLATED)
   n301                     0.000000       0.001539       -0.001539 (VIOLATED)
   n302                     0.000000       0.001539       -0.001539 (VIOLATED)
   n303                     0.000000       0.001539       -0.001539 (VIOLATED)
   n304                     0.000000       0.001539       -0.001539 (VIOLATED)
   n305                     0.000000       0.001539       -0.001539 (VIOLATED)
   n306                     0.000000       0.001539       -0.001539 (VIOLATED)
   n307                     0.000000       0.001539       -0.001539 (VIOLATED)

   -----------------------------------------------------------------
   Total                      495             -0.761781 

   max_leakage_power

                             Required        Actual
   Design                   Leakage Power  Leakage Power     Slack
   -----------------------------------------------------------------
   r29_int4                 0.000000       87128.757812   -87128.757812
                                                                    (VIOLATED)


1
